src/App.tsx(3,27): error TS2307: Cannot find module './pages/Customers' or its corresponding type declarations.
src/App.tsx(5,25): error TS2323: Cannot redeclare exported variable 'default'.
src/App.tsx(5,25): error TS2393: Duplicate function implementation.
src/App.tsx(9,25): error TS2323: Cannot redeclare exported variable 'default'.
src/App.tsx(9,25): error TS2393: Duplicate function implementation.
